58 . XE15
ARE . XME
ARG . ARG
AUS . AUS
AUT . XE15
BGD . XSA
BGR . XE3
BLR . XEEI
BRA . BRA
BRN . XSE
CAN . CAN
CHE . XEWI
CHL . XLM
CHN . CHN
CIV . XAF
COL . XLM
CRI . XLM
CSHH . XE10
CSXX . XENI
CUB . XLM
CZE . XE10
DEU . XE15
DNK . XE15
DOM . XLM
DZA . XNF
ECU . XLM
EGY . XNF
ESP . XE15
FIN . XE15
FRA . XE15
GBR . XE15
GRC . XE15
GTM . XLM
HKG . CHN
HRV . XE3
HUN . XE10
IDN . IDN
IND . IND
IRL . XE15
IRN . XME
IRQ . XME
ISR . XME
ITA . XE15
JPN . JPN
KAZ . XCS
KEN . XAF
KOR . KOR
KWT . XME
LBN . XME
LBY . XNF
LKA . XSA
MAR . XNF
MEX . MEX
MNG . XEA
MYS . MYS
NGA . XAF
NLD . XE15
NOR . XEWI
NZL . NZL
OMN . XME
PAK . XSA
PAN . XLM
PER . XLM
PHL . XSE
POL . XE10
PRK . XEA
PRT . XE15
QAT . XME
ROU . XE3
RUS . RUS
SAU . XME
SDN . XAF
SGP . XSE
SLV . XLM
SVK . XE10
SVN . XE10
SWE . XE15
SYR . XME
THA . THA
TUN . XNF
TUR . TUR
TWN . XSE
UKR . XEEI
URY . XLM
USA . USA
UZB . XCS
VEN . XLM
VNM . VNM
XBT . XE10
XCA . XLM
XE10 . XE10
XENI . XEWI
XCI . XENI
XCS . XCS
XER . XENI
XME . XME
XOC . XOC
XSA . XSA
XSE . XSE
XSM . XLM
XSS . XAF
XYU . XENI
YEM . XME
ZAF . ZAF
SUHH . XENI
*DDDE . XE15
*280 . XE15
890 . XENI