*232’nˆæ‚©‚ç106’nˆæ‚Ö‚Ìmapping
*source /y/study/S6/countrycode_S6.xls
830 . XER
ABW . XCA
AFG . XSA
AGO . XSS
AIA . XCA
ALB . XER
AND . XER
ANT . XCA
ARE . ARE
ARG . ARG
ARM . XCI
ASM . XOC
ATG . XCA
AUS . AUS
AUT . AUT
AZE . XCI
BDI . XSS
BEL . 58
BEN . XSS
BFA . XSS
BGD . BGD
BGR . BGR
BHR . XME
BHS . XCA
BIH . XYU
BLR . BLR
BLZ . XCA
BMU . XCA
BOL . XSM
BRA . BRA
BRB . XCA
BRN . BRN
BTN . XSA
BWA . XSS
CAF . XSS
CAN . CAN
CHE . CHE
CHL . CHL
CHN . CHN
CIV . CIV
CMR . XSS
COD . XSS
COG . XSS
COK . XOC
COL . COL
COM . XSS
CPV . XSS
CRI . CRI
CUB . CUB
CYM . XCA
CYP . XE10
CZE . CZE
DEU . DEU
DJI . XSS
DMA . XCA
DNK . DNK
DOM . DOM
DZA . DZA
ECU . ECU
EGY . EGY
ERI . XSS
ESH . XSS
ESP . ESP
EST . XBT
ETH . XSS
FIN . FIN
FJI . XOC
FLK . XSM
FRA . FRA
FRO . XER
FSM . XOC
GAB . XSS
GBR . GBR
GEO . XCI
GHA . XSS
GIB . XER
GIN . XSS
GLP . XCA
GMB . XSS
GNB . XSS
GNQ . XSS
GRC . GRC
GRD . XCA
GRL . XCA
GTM . GTM
GUF . XSM
GUM . XOC
GUY . XSM
HKG . HKG
HND . XCA
HRV . HRV
HTI . XCA
HUN . HUN
IDN . IDN
IMN . XER
IND . IND
IRL . IRL
IRN . IRN
IRQ . IRQ
ISL . XENI
ISR . ISR
ITA . ITA
JAM . XCA
JOR . XME
JPN . JPN
KAZ . KAZ
KEN . KEN
KGZ . XCS
KHM . XSE
KIR . XOC
KNA . XCA
KOR . KOR
KWT . KWT
LAO . XSE
LBN . LBN
LBR . XSS
LBY . LBY
LCA . XCA
LIE . XENI
LKA . LKA
LSO . XSS
LTU . XBT
LUX . 58
LVA . XBT
MAC . CHN
MAR . MAR
MCO . XENI
MDA . XCI
MDG . XSS
MDV . XSA
MEX . MEX
MHL . XOC
MKD . XYU
MLI . XSS
MLT . XE10
MMR . XSE
MNG . MNG
MNP . XOC
MOZ . XSS
MRT . XSS
MSR . XCA
MTQ . XCA
MUS . XSS
MWI . XSS
MYS . MYS
MYT . XSS
NAM . XSS
NCL . XOC
NER . XSS
NGA . NGA
NIC . XCA
NIU . XOC
NLD . NLD
NOR . NOR
NPL . XSA
NRU . XOC
NZL . NZL
OMN . OMN
PAK . PAK
PAN . PAN
PCN . XOC
PER . PER
PHL . PHL
PLW . XOC
PNG . XOC
POL . POL
PRI . XCA
PRK . PRK
PRT . PRT
PRY . XSM
PSE . XME
PYF . XOC
QAT . QAT
REU . XSS
ROU . ROU
RUS . RUS
RWA . XSS
SAU . SAU
SDN . SDN
SEN . XSS
SGP . SGP
SHN . XSS
SLB . XOC
SLE . XSS
SLV . SLV
SMR . XER
SOM . XSS
SPM . XCA
STP . XSS
SUR . XSM
SVK . SVK
SVN . SVN
SWE . SWE
SWZ . XSS
SYC . XSS
SYR . SYR
TCA . XCA
TCD . XSS
TGO . XSS
THA . THA
TJK . XCS
TKL . XOC
TKM . XCS
TLS . XSE
TON . XOC
TTO . XCA
TUN . TUN
TUR . TUR
TUV . XOC
TZA . XSS
UGA . XSS
UKR . UKR
URY . URY
USA . USA
UZB . UZB
VAT . XER
VCT . XCA
VEN . VEN
VGB . XCA
VIR . XCA
VNM . VNM
VUT . XOC
WLF . XOC
WSM . XOC
YEM . YEM
ZAF . ZAF
ZMB . XSS
ZWE . XSS
TWN . TWN
YUG . CSXX
